<html>
<body>
<pre>
<h1>µVision Build Log</h1>
<h2>Tool Versions:</h2>
IDE-Version: ¦ÌVision V5.28.0.0
Copyright (C) 2019 ARM Ltd and ARM Germany GmbH. All rights reserved.
License Information:  ,  , LIC=GE7X7-E9MK9-JL2CC-7RX9A-HFE8E-30IHB
 
Tool Versions:
Toolchain:       MDK-ARM Professional  Version: 5.28.0.0
Toolchain Path:  C:\Keil_v5\ARM\ARMCC\Bin
C Compiler:      Armcc.exe V5.06 update 6 (build 750)
Assembler:       Armasm.exe V5.06 update 6 (build 750)
Linker/Locator:  ArmLink.exe V5.06 update 6 (build 750)
Library Manager: ArmAr.exe V5.06 update 6 (build 750)
Hex Converter:   FromElf.exe V5.06 update 6 (build 750)
CPU DLL:         SARMCM3.DLL V5.28.0.0
Dialog DLL:      DARMSTM.DLL V1.68.0.0
Target DLL:      CMSIS_AGDI.dll V1.31.18.0
Dialog DLL:      TARMSTM.DLL V1.66.0.0
 
<h2>Project:</h2>
C:\Users\Yihao\Desktop\stm32 mqtt\Project\RVMDK£¨uv5£©\iSO-STM32.uvprojx
Project File Date:  06/02/2020

<h2>Output:</h2>
*** Using Compiler 'V5.06 update 6 (build 750)', folder: 'C:\Keil_v5\ARM\ARMCC\Bin'
Rebuild target 'RFID'
assembling startup_stm32f10x_hd.s...
compiling core_cm3.c...
compiling misc.c...
compiling system_stm32f10x.c...
compiling stm32f10x_bkp.c...
compiling stm32f10x_adc.c...
compiling stm32f10x_can.c...
compiling stm32f10x_cec.c...
compiling stm32f10x_crc.c...
compiling stm32f10x_dbgmcu.c...
compiling stm32f10x_dac.c...
compiling stm32f10x_dma.c...
compiling stm32f10x_exti.c...
compiling stm32f10x_fsmc.c...
compiling stm32f10x_flash.c...
compiling stm32f10x_gpio.c...
compiling stm32f10x_pwr.c...
compiling stm32f10x_i2c.c...
compiling stm32f10x_iwdg.c...
compiling stm32f10x_rcc.c...
compiling stm32f10x_rtc.c...
compiling stm32f10x_sdio.c...
compiling stm32f10x_spi.c...
compiling stm32f10x_it.c...
compiling stm32f10x_wwdg.c...
compiling stm32f10x_usart.c...
compiling main.c...
..\..\Hardware\MQTT\mqtt.h(19): warning:  #1295-D: Deprecated declaration mqtt_connect - give arg types
  bool mqtt_connect() ;
..\..\Hardware\MQTT\mqtt.h(20): warning:  #1295-D: Deprecated declaration keepAlive - give arg types
  void  keepAlive();
..\..\Hardware\MQTT\mqtt.h(21): warning:  #1295-D: Deprecated declaration send_mqtt_data - give arg types
  void send_mqtt_data();
..\..\User\main.c: 3 warnings, 0 errors
compiling Common.c...
compiling bsp_esp8266.c...
..\..\Hardware\ESP8266\bsp_esp8266.c(641): warning:  #1-D: last line of file ends without a newline
  }
..\..\Hardware\ESP8266\bsp_esp8266.c: 1 warning, 0 errors
compiling stm32f10x_tim.c...
compiling bsp_SysTick.c...
compiling led.c...
compiling delay.c...
compiling bsp_usart1.c...
compiling test.c...
compiling rc522.c...
compiling sys.c...
compiling mqtt.c...
..\..\Hardware\MQTT\mqtt.h(19): warning:  #1295-D: Deprecated declaration mqtt_connect - give arg types
  bool mqtt_connect() ;
..\..\Hardware\MQTT\mqtt.h(20): warning:  #1295-D: Deprecated declaration keepAlive - give arg types
  void  keepAlive();
..\..\Hardware\MQTT\mqtt.h(21): warning:  #1295-D: Deprecated declaration send_mqtt_data - give arg types
  void send_mqtt_data();
..\..\Hardware\MQTT\mqtt.c(199): warning:  #940-D: missing return statement at end of non-void function "ESP_SendTcp" 
  }
..\..\Hardware\MQTT\mqtt.c(188): warning:  #177-D: variable "bRet"  was declared but never referenced
  		bool bRet = false;
..\..\Hardware\MQTT\mqtt.c(204): warning:  #177-D: variable "i"  was declared but never referenced
  		u16 i=0;
..\..\Hardware\MQTT\mqtt.c(236): warning:  #1-D: last line of file ends without a newline
  }
..\..\Hardware\MQTT\mqtt.c: 7 warnings, 0 errors
linking...
Program Size: Code=8908 RO-data=456 RW-data=60 ZI-data=2252  
FromELF: creating hex file...
"..\..\Output\Template.axf" - 0 Error(s), 11 Warning(s).

<h2>Software Packages used:</h2>

Package Vendor: Keil
                http://www.keil.com/pack/Keil.STM32F1xx_DFP.2.3.0.pack
                Keil.STM32F1xx_DFP.2.3.0
                STMicroelectronics STM32F1 Series Device Support, Drivers and Examples

<h2>Collection of Component include folders:</h2>
  .\RTE\_RFID
  C:\Keil_v5\ARM\Packs\Keil\STM32F1xx_DFP\2.3.0\Device\Include

<h2>Collection of Component Files used:</h2>
Build Time Elapsed:  00:00:04
</pre>
</body>
</html>
